// Jest Snapshot v1, https://goo.gl/fbAQLP

exports[`renders correctly 1`] = `
<View
  style={
    Array [
      Object {
        "backgroundColor": "green",
        "height": 20,
        "width": 30,
      },
      Object {
        "margin": 24,
        "padding": 24,
      },
    ]
  }
/>
`;
